// Jest Snapshot v1, https://goo.gl/fbAQLP

exports[`Renders 1`] = `
<tr
  className="DealsTableRow"
>
  <td
    className="DealsTableRow--cell"
  >
    LS Credit Union
  </td>
  <td
    className="DealsTableRow--cell"
  >
    Consumer Auto
  </td>
  <td
    className="DealsTableRow--cell"
  >
    $1,000,000
  </td>
  <td
    className="DealsTableRow--cell"
  >
    Yes
  </td>
</tr>
`;
